// Jest Snapshot v1, https://goo.gl/fbAQLP

exports[`Pages With Snapshot Testing snapshot Button Component 1`] = `
<button
  className="jsx-3459932710 
      button
      primary
      small
    "
  onClick={[Function]}
  type="button"
>
  
</button>
`;
