// Jest Snapshot v1, https://goo.gl/fbAQLP

exports[`Pages With Snapshot Testing snapshot Spinner Component 1`] = `
<div
  className="jsx-3364859594 spinnerOverlay"
>
  <div
    className="jsx-3364859594 spinner"
  />
</div>
`;
