// Jest Snapshot v1, https://goo.gl/fbAQLP

exports[`Pages With Snapshot Testing snapshot dashboard page 1`] = `
<Translate(Dashboard)
  global={
    Object {
      "backArrow": Object {
        "isShow": false,
        "title": "",
      },
    }
  }
  showSpinner$={[Function]}
  toggleBackArrow$={[Function]}
  url={
    Object {
      "query": Object {
        "page": "menu",
      },
    }
  }
/>
`;
